String cheat sheet!

greet = "Hello"

1. length
>>> greet.length;  // 5

2. charAt(): To read each individual character at a specific index in a string, starting from zero
>>> greet.charAt(0); // H

3. concat(): joins two strings
>>> greet.concat(" World"); // Hello World

4. indexOf(): returns the location of the first position that matches a character: 
>>> greet.indexOf("l"); // 2

5. lastIndexOf(): finds the last match
>>> greet.lastIndexOf("l"); // 4

6. split(): chops up the string into an array of sub-strings
>>> greet.split(" "); // ["Hello", "World"]

7. toUpperCase()
>>> greet.toUpperCase(); // HELLO

8. toLowerCase()
>>> greet.toLowerCase(); // hello


--------------------------------------------------------------------------------------------------------------------

- typeOf operator :
- typeof operator returns the type of the variable. It can be used to check if a variable is
a number, a string, a boolean, an object, a function, or undefined.

console.log(typeOf(false))  // boolean